// Jest Snapshot v1, https://goo.gl/fbAQLP

exports[`<CreatePost> 페이지 snapshot 체크 1`] = `
<div>
  <div
    id="modal"
  />
  <header
    class="css-15jvef"
  >
    <div
      aria-label=""
      class="css-y8pvf0"
    >
      <div
        aria-label=""
        class="css-1jmbjs2"
      >
        <svg
          viewBox="0 0 24 24"
          xmlns="http://www.w3.org/2000/svg"
        >
          <path
            d="M12 0c-6.626 0-12 5.373-12 12 0 5.302 3.438 9.8 8.207 11.387.599.111.793-.261.793-.577v-2.234c-3.338.726-4.033-1.416-4.033-1.416-.546-1.387-1.333-1.756-1.333-1.756-1.089-.745.083-.729.083-.729 1.205.084 1.839 1.237 1.839 1.237 1.07 1.834 2.807 1.304 3.492.997.107-.775.418-1.305.762-1.604-2.665-.305-5.467-1.334-5.467-5.931 0-1.311.469-2.381 1.236-3.221-.124-.303-.535-1.524.117-3.176 0 0 1.008-.322 3.301 1.23.957-.266 1.983-.399 3.003-.404 1.02.005 2.047.138 3.006.404 2.291-1.552 3.297-1.23 3.297-1.23.653 1.653.242 2.874.118 3.176.77.84 1.235 1.911 1.235 3.221 0 4.609-2.807 5.624-5.479 5.921.43.372.823 1.102.823 2.222v3.293c0 .319.192.694.801.576 4.765-1.589 8.199-6.086 8.199-11.386 0-6.627-5.373-12-12-12z"
          />
        </svg>
      </div>
      <ul
        class="css-foxkse"
      />
    </div>
    <div
      class="css-12x73ce"
    >
      <div
        aria-label=""
        class="css-wysmox"
      >
        <a
          href="/signin"
        >
          <div
            aria-label=""
            class="css-ghj28t"
          >
            <svg
              viewBox="0 0 24 24"
              xmlns="http://www.w3.org/2000/svg"
            >
              <path
                d="M8 9v-4l8 7-8 7v-4h-8v-6h8zm6-7c-1.787 0-3.46.474-4.911 1.295l.228.2 1.395 1.221c1.004-.456 2.115-.716 3.288-.716 4.411 0 8 3.589 8 8s-3.589 8-8 8c-1.173 0-2.284-.26-3.288-.715l-1.395 1.221-.228.2c1.451.82 3.124 1.294 4.911 1.294 5.522 0 10-4.477 10-10s-4.478-10-10-10z"
              />
            </svg>
          </div>
        </a>
      </div>
    </div>
  </header>
  <form
    class="css-30hrpu"
  >
    <div
      aria-label="post-title"
      class="css-1bechv"
    >
      <label
        aria-label=""
        class="css-1eeeix0"
        color="#000000"
        for="title"
      >
        제목
      </label>
      <input
        aria-label="title"
        class="css-1icg792"
        id="title"
        name=""
        placeholder="제목을 입력하세요"
        type="text"
        value=""
        width="100%"
      />
    </div>
    <div
      class="css-suin7r"
    >
      <h3
        class="css-1eseyvs"
        color="#000000"
      >
        현재 인원 / 모집 인원
      </h3>
      <div
        class="css-unaruz"
      >
        <div
          aria-label=""
          class="css-gd9wkw"
        >
          <button
            class="css-1fbvvo9"
            type="button"
            width="fit-content"
          >
            현재 인원 : 0
            <div
              aria-label=""
              class="css-4vb9q9"
            >
              <svg
                viewBox="0 0 24 24"
                xmlns="http://www.w3.org/2000/svg"
              >
                <path
                  d="M0 7.33l2.829-2.83 9.175 9.339 9.167-9.339 2.829 2.83-11.996 12.17z"
                />
              </svg>
            </div>
          </button>
        </div>
        <div
          aria-label=""
          class="css-gd9wkw"
        >
          <button
            class="css-1fbvvo9"
            type="button"
            width="fit-content"
          >
            모집 인원 : 0
            <div
              aria-label=""
              class="css-4vb9q9"
            >
              <svg
                viewBox="0 0 24 24"
                xmlns="http://www.w3.org/2000/svg"
              >
                <path
                  d="M0 7.33l2.829-2.83 9.175 9.339 9.167-9.339 2.829 2.83-11.996 12.17z"
                />
              </svg>
            </div>
          </button>
        </div>
      </div>
    </div>
    <div
      class="css-0"
    >
      <div
        class="css-wbiz9q"
      >
        <div
          class="css-1knbux5"
        >
          <h3
            class="css-1eseyvs"
            color="#000000"
          >
            기술 스택
          </h3>
          <div
            aria-label=""
            class="css-gd9wkw"
          >
            <button
              class="css-1fbvvo9"
              type="button"
              width="fit-content"
            >
              스택 추가
              <div
                aria-label=""
                class="css-4vb9q9"
              >
                <svg
                  viewBox="0 0 24 24"
                  xmlns="http://www.w3.org/2000/svg"
                >
                  <path
                    d="M0 7.33l2.829-2.83 9.175 9.339 9.167-9.339 2.829 2.83-11.996 12.17z"
                  />
                </svg>
              </div>
            </button>
          </div>
        </div>
        <ul
          class="css-kf5skc"
        />
      </div>
    </div>
    <div
      class="css-1diq458"
    >
      <header
        class="css-1tlhewg"
      >
        <span>
          Write
        </span>
        <span>
          Preview
        </span>
      </header>
      <div
        class="css-1ud59fp"
      >
        <div
          class="css-1hygdxi"
        >
          <textarea
            aria-label="markdown-textarea"
            class="css-1v6m50d"
            id=""
            name=""
            placeholder=""
          />
        </div>
        <div
          class="css-2n5s8x"
        >
          <span />
        </div>
      </div>
    </div>
    <button
      class="css-7rx0q1"
      type="submit"
      width="100%"
    >
      글 쓰기
    </button>
  </form>
</div>
`;
