// Jest Snapshot v1, https://goo.gl/fbAQLP

exports[`<Post> 페이지 snapshot 체크 1`] = `
<div>
  <div
    id="modal"
  />
</div>
`;
