// Jest Snapshot v1, https://goo.gl/fbAQLP

exports[`<Signin> 페이지 snapshot 체크 1`] = `
<div>
  <div
    id="modal"
  />
  <main
    class="css-sapy0t"
  >
    <div
      class="css-2fxwiq"
    >
      <div
        aria-label=""
        class="css-17ymrk1"
      >
        <svg
          viewBox="0 0 24 24"
          xmlns="http://www.w3.org/2000/svg"
        >
          <path
            d="M12 0c-6.626 0-12 5.373-12 12 0 5.302 3.438 9.8 8.207 11.387.599.111.793-.261.793-.577v-2.234c-3.338.726-4.033-1.416-4.033-1.416-.546-1.387-1.333-1.756-1.333-1.756-1.089-.745.083-.729.083-.729 1.205.084 1.839 1.237 1.839 1.237 1.07 1.834 2.807 1.304 3.492.997.107-.775.418-1.305.762-1.604-2.665-.305-5.467-1.334-5.467-5.931 0-1.311.469-2.381 1.236-3.221-.124-.303-.535-1.524.117-3.176 0 0 1.008-.322 3.301 1.23.957-.266 1.983-.399 3.003-.404 1.02.005 2.047.138 3.006.404 2.291-1.552 3.297-1.23 3.297-1.23.653 1.653.242 2.874.118 3.176.77.84 1.235 1.911 1.235 3.221 0 4.609-2.807 5.624-5.479 5.921.43.372.823 1.102.823 2.222v3.293c0 .319.192.694.801.576 4.765-1.589 8.199-6.086 8.199-11.386 0-6.627-5.373-12-12-12z"
          />
        </svg>
      </div>
      <h1
        class="css-1hznjvn"
        color="#000000"
      >
        LOGIN
      </h1>
    </div>
    <form
      class="css-1ugbcgu"
    >
      <div
        class="css-1ydboqz"
      >
        <div
          class="css-1bechv"
        >
          <label
            class="css-1d3b76u"
            color="#404680"
            for="email"
          >
            email
          </label>
          <input
            aria-label="email"
            class="css-1556dao"
            id="email"
            name=""
            placeholder=""
            type="email"
            value=""
            width="100%"
          />
        </div>
      </div>
      <div
        class="css-1ydboqz"
      >
        <div
          class="css-1bechv"
        >
          <label
            class="css-1d3b76u"
            color="#404680"
            for="password"
          >
            password
          </label>
          <input
            aria-label="password"
            class="css-1556dao"
            id="password"
            name=""
            placeholder=""
            type="password"
            value=""
            width="100%"
          />
        </div>
      </div>
      <span
        class="css-rkz6lt"
      />
      <button
        class="css-7rx0q1"
        type="submit"
        width="100%"
      >
        로그인
      </button>
    </form>
    <div
      class="css-1mtiqxd"
    >
      <span
        class="css-1h4h9u4"
      >
        아직 계정이 없으시다면?
      </span>
      <div
        class="css-5jx5gk"
      >
        <a
          href="/signup"
        >
          계정 만들기
        </a>
      </div>
    </div>
    <button
      class="css-gp1fgf"
      type="submit"
      width="100%"
    >
      <div
        aria-label=""
        class="css-13sc1m2"
      >
        <svg
          viewBox="0 0 24 24"
          xmlns="http://www.w3.org/2000/svg"
        >
          <path
            d="M12 0c-6.626 0-12 5.373-12 12 0 5.302 3.438 9.8 8.207 11.387.599.111.793-.261.793-.577v-2.234c-3.338.726-4.033-1.416-4.033-1.416-.546-1.387-1.333-1.756-1.333-1.756-1.089-.745.083-.729.083-.729 1.205.084 1.839 1.237 1.839 1.237 1.07 1.834 2.807 1.304 3.492.997.107-.775.418-1.305.762-1.604-2.665-.305-5.467-1.334-5.467-5.931 0-1.311.469-2.381 1.236-3.221-.124-.303-.535-1.524.117-3.176 0 0 1.008-.322 3.301 1.23.957-.266 1.983-.399 3.003-.404 1.02.005 2.047.138 3.006.404 2.291-1.552 3.297-1.23 3.297-1.23.653 1.653.242 2.874.118 3.176.77.84 1.235 1.911 1.235 3.221 0 4.609-2.807 5.624-5.479 5.921.43.372.823 1.102.823 2.222v3.293c0 .319.192.694.801.576 4.765-1.589 8.199-6.086 8.199-11.386 0-6.627-5.373-12-12-12z"
          />
        </svg>
      </div>
      <span
        class="css-1xjc5z"
      >
        Github로 로그인
      </span>
    </button>
  </main>
</div>
`;
